[debug] [2026-02-15T18:17:54.801Z] ----------------------------------------------------------------------
[debug] [2026-02-15T18:17:54.805Z] Command:       C:\Program Files\nodejs\node.exe C:\Users\Vunene Maluleke\.bun\install\global\node_modules\firebase-tools\lib\bin\firebase.js deploy --only functions
[debug] [2026-02-15T18:17:54.805Z] CLI Version:   15.6.0
[debug] [2026-02-15T18:17:54.805Z] Platform:      win32
[debug] [2026-02-15T18:17:54.806Z] Node Version:  v20.14.0
[debug] [2026-02-15T18:17:54.806Z] Time:          Sun Feb 15 2026 20:17:54 GMT+0200 (South Africa Standard Time)
[debug] [2026-02-15T18:17:54.806Z] ----------------------------------------------------------------------
[debug] 
[debug] [2026-02-15T18:17:58.198Z] Object "/extensions" in "firebase.json" has unknown property: {"additionalProperty":"firebase-web-authn"}
[debug] [2026-02-15T18:17:58.205Z] > command requires scopes: ["email","openid","https://www.googleapis.com/auth/cloudplatformprojects.readonly","https://www.googleapis.com/auth/firebase","https://www.googleapis.com/auth/cloud-platform"]
[debug] [2026-02-15T18:17:58.206Z] > authorizing via signed-in user (kurisanim2@gmail.com)
[debug] [2026-02-15T18:17:58.206Z] [iam] checking project cheforumreal for permissions ["cloudfunctions.functions.create","cloudfunctions.functions.delete","cloudfunctions.functions.get","cloudfunctions.functions.list","cloudfunctions.functions.update","cloudfunctions.operations.get","firebase.projects.get"]
[debug] [2026-02-15T18:17:58.208Z] Checked if tokens are valid: true, expires at: 1771182130769
[debug] [2026-02-15T18:17:58.209Z] Checked if tokens are valid: true, expires at: 1771182130769
[debug] [2026-02-15T18:17:58.210Z] >>> [apiv2][query] POST https://cloudresourcemanager.googleapis.com/v1/projects/cheforumreal:testIamPermissions [none]
[debug] [2026-02-15T18:17:58.211Z] >>> [apiv2][(partial)header] POST https://cloudresourcemanager.googleapis.com/v1/projects/cheforumreal:testIamPermissions  x-goog-user-project=cheforumreal
[debug] [2026-02-15T18:17:58.211Z] >>> [apiv2][body] POST https://cloudresourcemanager.googleapis.com/v1/projects/cheforumreal:testIamPermissions {"permissions":["cloudfunctions.functions.create","cloudfunctions.functions.delete","cloudfunctions.functions.get","cloudfunctions.functions.list","cloudfunctions.functions.update","cloudfunctions.operations.get","firebase.projects.get"]}
[debug] [2026-02-15T18:17:59.971Z] <<< [apiv2][status] POST https://cloudresourcemanager.googleapis.com/v1/projects/cheforumreal:testIamPermissions 200
[debug] [2026-02-15T18:17:59.971Z] <<< [apiv2][body] POST https://cloudresourcemanager.googleapis.com/v1/projects/cheforumreal:testIamPermissions {"permissions":["cloudfunctions.functions.create","cloudfunctions.functions.delete","cloudfunctions.functions.get","cloudfunctions.functions.list","cloudfunctions.functions.update","cloudfunctions.operations.get","firebase.projects.get"]}
[debug] [2026-02-15T18:17:59.972Z] Checked if tokens are valid: true, expires at: 1771182130769
[debug] [2026-02-15T18:17:59.972Z] Checked if tokens are valid: true, expires at: 1771182130769
[debug] [2026-02-15T18:17:59.972Z] >>> [apiv2][query] POST https://iam.googleapis.com/v1/projects/cheforumreal/serviceAccounts/cheforumreal@appspot.gserviceaccount.com:testIamPermissions [none]
[debug] [2026-02-15T18:17:59.972Z] >>> [apiv2][body] POST https://iam.googleapis.com/v1/projects/cheforumreal/serviceAccounts/cheforumreal@appspot.gserviceaccount.com:testIamPermissions {"permissions":["iam.serviceAccounts.actAs"]}
[debug] [2026-02-15T18:18:01.776Z] <<< [apiv2][status] POST https://iam.googleapis.com/v1/projects/cheforumreal/serviceAccounts/cheforumreal@appspot.gserviceaccount.com:testIamPermissions 200
[debug] [2026-02-15T18:18:01.777Z] <<< [apiv2][body] POST https://iam.googleapis.com/v1/projects/cheforumreal/serviceAccounts/cheforumreal@appspot.gserviceaccount.com:testIamPermissions {"permissions":["iam.serviceAccounts.actAs"]}
[info] 
[info] === Deploying to 'cheforumreal'...
[info] 
[info] i  deploying functions 
[info] Running command: npm --prefix "$RESOURCE_DIR" run lint
[info] Running command: npm --prefix "$RESOURCE_DIR" run build
[info] +  functions: Finished running predeploy script. 
[debug] [2026-02-15T18:18:20.252Z] Checked if tokens are valid: true, expires at: 1771182130769
[debug] [2026-02-15T18:18:20.252Z] Checked if tokens are valid: true, expires at: 1771182130769
[debug] [2026-02-15T18:18:20.253Z] >>> [apiv2][query] GET https://cloudresourcemanager.googleapis.com/v1/projects/cheforumreal [none]
[debug] [2026-02-15T18:18:22.131Z] <<< [apiv2][status] GET https://cloudresourcemanager.googleapis.com/v1/projects/cheforumreal 200
[debug] [2026-02-15T18:18:22.131Z] <<< [apiv2][body] GET https://cloudresourcemanager.googleapis.com/v1/projects/cheforumreal {"projectNumber":"441077080510","projectId":"cheforumreal","lifecycleState":"ACTIVE","name":"CheFu Academy","labels":{"firebase":"enabled","generative-language":"enabled"},"createTime":"2024-09-07T14:27:00.117730Z"}
[info] i  functions: preparing codebase default for deployment 
[info] i  functions: ensuring required API cloudfunctions.googleapis.com is enabled... 
[info] i  functions: ensuring required API cloudbuild.googleapis.com is enabled... 
[info] i  artifactregistry: ensuring required API artifactregistry.googleapis.com is enabled... 
[debug] [2026-02-15T18:18:22.135Z] Checked if tokens are valid: true, expires at: 1771182130769
[debug] [2026-02-15T18:18:22.135Z] Checked if tokens are valid: true, expires at: 1771182130769
[debug] [2026-02-15T18:18:22.135Z] >>> [apiv2][query] GET https://firebase.googleapis.com/v1beta1/projects/cheforumreal/adminSdkConfig [none]
[debug] [2026-02-15T18:18:23.257Z] <<< [apiv2][status] GET https://firebase.googleapis.com/v1beta1/projects/cheforumreal/adminSdkConfig 200
[debug] [2026-02-15T18:18:23.257Z] <<< [apiv2][body] GET https://firebase.googleapis.com/v1beta1/projects/cheforumreal/adminSdkConfig {"projectId":"cheforumreal","storageBucket":"cheforumreal.appspot.com","locationId":"us-central"}
[debug] [2026-02-15T18:18:23.259Z] Validating nodejs source
[debug] [2026-02-15T18:18:25.247Z] > [functions] package.json contents: {
  "name": "functions",
  "private": true,
  "main": "lib/index.js",
  "engines": {
    "node": "22"
  },
  "scripts": {
    "lint": "eslint .",
    "build": "tsc",
    "build:watch": "tsc --watch",
    "serve": "npm run build && firebase emulators:start --only functions",
    "shell": "npm run build && firebase functions:shell",
    "start": "npm run shell",
    "deploy": "firebase deploy --only functions",
    "logs": "firebase functions:log"
  },
  "dependencies": {
    "@simplewebauthn/server": "^13.2.2",
    "cors": "^2.8.6",
    "firebase-admin": "^13.6.1",
    "firebase-functions": "^7.0.5",
    "zod": "^4.3.6"
  },
  "devDependencies": {
    "@typescript-eslint/eslint-plugin": "^8",
    "@typescript-eslint/parser": "^8",
    "eslint": "^9",
    "eslint-plugin-import": "^2.25.4",
    "firebase-functions-test": "^3.4.1",
    "typescript": "^5.7.3"
  }
}
[debug] [2026-02-15T18:18:25.247Z] Building nodejs source
[info] i  functions: Loading and analyzing source code for codebase default to determine what to deploy 
[debug] [2026-02-15T18:18:25.249Z] Could not find functions.yaml. Must use http discovery
[debug] [2026-02-15T18:18:25.262Z] Found firebase-functions binary at 'D:\PlayStoreApps\CheFuAcademy\admin-web\functions\node_modules\.bin\firebase-functions'
[info] Serving at port 8926

[debug] [2026-02-15T18:18:27.642Z] Got response from /__/functions.yaml {"endpoints":{"webauthnApi":{"availableMemoryMb":null,"timeoutSeconds":null,"minInstances":null,"maxInstances":10,"ingressSettings":null,"concurrency":null,"serviceAccountEmail":null,"vpc":null,"platform":"gcfv2","region":["us-central1"],"labels":{},"httpsTrigger":{},"entryPoint":"webauthnApi"}},"specVersion":"v1alpha1","requiredAPIs":[],"extensions":{}}
[info] i  extensions: ensuring required API firebaseextensions.googleapis.com is enabled... 
[debug] [2026-02-15T18:18:32.682Z] > command requires scopes: ["email","openid","https://www.googleapis.com/auth/cloudplatformprojects.readonly","https://www.googleapis.com/auth/firebase","https://www.googleapis.com/auth/cloud-platform"]
[debug] [2026-02-15T18:18:32.682Z] > authorizing via signed-in user (kurisanim2@gmail.com)
[debug] [2026-02-15T18:18:32.682Z] [iam] checking project cheforumreal for permissions ["firebase.projects.get","firebaseextensions.instances.list"]
[debug] [2026-02-15T18:18:32.682Z] Checked if tokens are valid: true, expires at: 1771182130769
[debug] [2026-02-15T18:18:32.682Z] Checked if tokens are valid: true, expires at: 1771182130769
[debug] [2026-02-15T18:18:32.683Z] >>> [apiv2][query] POST https://cloudresourcemanager.googleapis.com/v1/projects/cheforumreal:testIamPermissions [none]
[debug] [2026-02-15T18:18:32.683Z] >>> [apiv2][(partial)header] POST https://cloudresourcemanager.googleapis.com/v1/projects/cheforumreal:testIamPermissions  x-goog-user-project=cheforumreal
[debug] [2026-02-15T18:18:32.683Z] >>> [apiv2][body] POST https://cloudresourcemanager.googleapis.com/v1/projects/cheforumreal:testIamPermissions {"permissions":["firebase.projects.get","firebaseextensions.instances.list"]}
[debug] [2026-02-15T18:18:34.281Z] <<< [apiv2][status] POST https://cloudresourcemanager.googleapis.com/v1/projects/cheforumreal:testIamPermissions 200
[debug] [2026-02-15T18:18:34.281Z] <<< [apiv2][body] POST https://cloudresourcemanager.googleapis.com/v1/projects/cheforumreal:testIamPermissions {"permissions":["firebase.projects.get","firebaseextensions.instances.list"]}
[debug] [2026-02-15T18:18:34.282Z] Checked if tokens are valid: true, expires at: 1771182130769
[debug] [2026-02-15T18:18:34.282Z] Checked if tokens are valid: true, expires at: 1771182130769
[debug] [2026-02-15T18:18:34.282Z] >>> [apiv2][query] GET https://firebaseextensions.googleapis.com/v1beta/projects/cheforumreal/instances pageSize=100&pageToken=
[debug] [2026-02-15T18:18:36.211Z] <<< [apiv2][status] GET https://firebaseextensions.googleapis.com/v1beta/projects/cheforumreal/instances 200
[debug] [2026-02-15T18:18:36.211Z] <<< [apiv2][body] GET https://firebaseextensions.googleapis.com/v1beta/projects/cheforumreal/instances {}
[info] i  functions: Loaded environment variables from .env. 
[info] i  functions: preparing functions directory for uploading... 
[info] i  functions: packaged D:\PlayStoreApps\CheFuAcademy\admin-web\functions (185.27 KB) for uploading 
[debug] [2026-02-15T18:18:36.319Z] Checked if tokens are valid: true, expires at: 1771182130769
[debug] [2026-02-15T18:18:36.319Z] Checked if tokens are valid: true, expires at: 1771182130769
[debug] [2026-02-15T18:18:36.319Z] >>> [apiv2][query] GET https://cloudfunctions.googleapis.com/v1/projects/cheforumreal/locations/-/functions [none]
[debug] [2026-02-15T18:18:37.637Z] <<< [apiv2][status] GET https://cloudfunctions.googleapis.com/v1/projects/cheforumreal/locations/-/functions 200
[debug] [2026-02-15T18:18:37.637Z] <<< [apiv2][body] GET https://cloudfunctions.googleapis.com/v1/projects/cheforumreal/locations/-/functions {}
[debug] [2026-02-15T18:18:37.637Z] Checked if tokens are valid: true, expires at: 1771182130769
[debug] [2026-02-15T18:18:37.637Z] Checked if tokens are valid: true, expires at: 1771182130769
[debug] [2026-02-15T18:18:37.638Z] >>> [apiv2][query] GET https://cloudfunctions.googleapis.com/v2/projects/cheforumreal/locations/-/functions filter=environment%3D%22GEN_2%22
[debug] [2026-02-15T18:18:38.753Z] <<< [apiv2][status] GET https://cloudfunctions.googleapis.com/v2/projects/cheforumreal/locations/-/functions 200
[debug] [2026-02-15T18:18:38.753Z] <<< [apiv2][body] GET https://cloudfunctions.googleapis.com/v2/projects/cheforumreal/locations/-/functions {"functions":[{"name":"projects/cheforumreal/locations/us-central1/functions/webauthnApi","buildConfig":{"build":"projects/441077080510/locations/us-central1/builds/3ee3ce32-05bf-48bc-820c-89d11624f552","runtime":"nodejs22","entryPoint":"webauthnApi","source":{"storageSource":{"bucket":"gcf-v2-sources-441077080510-us-central1","object":"webauthnApi/function-source.zip","generation":"1771107752914056"}},"environmentVariables":{"GOOGLE_NODE_RUN_SCRIPTS":""},"dockerRepository":"projects/cheforumreal/locations/us-central1/repositories/gcf-artifacts","sourceProvenance":{"resolvedStorageSource":{"bucket":"gcf-v2-sources-441077080510-us-central1","object":"webauthnApi/function-source.zip","generation":"1771107752914056"}},"dockerRegistry":"ARTIFACT_REGISTRY","serviceAccount":"projects/cheforumreal/serviceAccounts/441077080510-compute@developer.gserviceaccount.com","automaticUpdatePolicy":{}},"serviceConfig":{"service":"projects/cheforumreal/locations/us-central1/services/webauthnapi","timeoutSeconds":60,"environmentVariables":{"FIREBASE_CONFIG":"{\"projectId\":\"cheforumreal\",\"storageBucket\":\"cheforumreal.appspot.com\",\"locationId\":\"us-central\"}","GCLOUD_PROJECT":"cheforumreal","EVENTARC_CLOUD_EVENT_SOURCE":"projects/cheforumreal/locations/us-central1/services/webauthnApi","FUNCTION_TARGET":"webauthnApi","LOG_EXECUTION_ID":"true"},"maxInstanceCount":10,"ingressSettings":"ALLOW_ALL","uri":"https://webauthnapi-unq7rywhyq-uc.a.run.app","serviceAccountEmail":"441077080510-compute@developer.gserviceaccount.com","availableMemory":"256Mi","allTrafficOnLatestRevision":true,"revision":"webauthnapi-00008-lug","maxInstanceRequestConcurrency":80,"availableCpu":"1"},"state":"ACTIVE","updateTime":"2026-02-15T18:12:00.710938489Z","labels":{"firebase-functions-hash":"b2e436c62255fccc207aa660633949e9a52bcc3f","deployment-tool":"cli-firebase"},"environment":"GEN_2","url":"https://us-central1-cheforumreal.cloudfunctions.net/webauthnApi","createTime":"2026-02-14T19:21:57.022155496Z","satisfiesPzi":true}]}
[info] i  functions: ensuring required API run.googleapis.com is enabled... 
[info] i  functions: ensuring required API eventarc.googleapis.com is enabled... 
[info] i  functions: ensuring required API pubsub.googleapis.com is enabled... 
[info] i  functions: ensuring required API storage.googleapis.com is enabled... 
[info] i  functions: generating the service identity for pubsub.googleapis.com... 
[debug] [2026-02-15T18:18:38.759Z] Checked if tokens are valid: true, expires at: 1771182130769
[debug] [2026-02-15T18:18:38.759Z] Checked if tokens are valid: true, expires at: 1771182130769
[info] i  functions: generating the service identity for eventarc.googleapis.com... 
[debug] [2026-02-15T18:18:38.759Z] Checked if tokens are valid: true, expires at: 1771182130769
[debug] [2026-02-15T18:18:38.759Z] Checked if tokens are valid: true, expires at: 1771182130769
[debug] [2026-02-15T18:18:38.759Z] >>> [apiv2][query] POST https://serviceusage.googleapis.com/v1beta1/projects/441077080510/services/pubsub.googleapis.com:generateServiceIdentity [none]
[debug] [2026-02-15T18:18:38.759Z] >>> [apiv2][(partial)header] POST https://serviceusage.googleapis.com/v1beta1/projects/441077080510/services/pubsub.googleapis.com:generateServiceIdentity  x-goog-user-project=441077080510
[debug] [2026-02-15T18:18:38.759Z] >>> [apiv2][body] POST https://serviceusage.googleapis.com/v1beta1/projects/441077080510/services/pubsub.googleapis.com:generateServiceIdentity {}
[debug] [2026-02-15T18:18:38.761Z] >>> [apiv2][query] POST https://serviceusage.googleapis.com/v1beta1/projects/441077080510/services/eventarc.googleapis.com:generateServiceIdentity [none]
[debug] [2026-02-15T18:18:38.761Z] >>> [apiv2][(partial)header] POST https://serviceusage.googleapis.com/v1beta1/projects/441077080510/services/eventarc.googleapis.com:generateServiceIdentity  x-goog-user-project=441077080510
[debug] [2026-02-15T18:18:38.761Z] >>> [apiv2][body] POST https://serviceusage.googleapis.com/v1beta1/projects/441077080510/services/eventarc.googleapis.com:generateServiceIdentity {}
[debug] [2026-02-15T18:18:40.769Z] <<< [apiv2][status] POST https://serviceusage.googleapis.com/v1beta1/projects/441077080510/services/pubsub.googleapis.com:generateServiceIdentity 200
[debug] [2026-02-15T18:18:40.769Z] <<< [apiv2][body] POST https://serviceusage.googleapis.com/v1beta1/projects/441077080510/services/pubsub.googleapis.com:generateServiceIdentity {"name":"operations/finished.DONE_OPERATION","done":true,"response":{"@type":"type.googleapis.com/google.api.serviceusage.v1beta1.ServiceIdentity","email":"service-441077080510@gcp-sa-pubsub.iam.gserviceaccount.com","uniqueId":"107382533042001352974"}}
[debug] [2026-02-15T18:18:41.035Z] <<< [apiv2][status] POST https://serviceusage.googleapis.com/v1beta1/projects/441077080510/services/eventarc.googleapis.com:generateServiceIdentity 200
[debug] [2026-02-15T18:18:41.035Z] <<< [apiv2][body] POST https://serviceusage.googleapis.com/v1beta1/projects/441077080510/services/eventarc.googleapis.com:generateServiceIdentity {"name":"operations/finished.DONE_OPERATION","done":true,"response":{"@type":"type.googleapis.com/google.api.serviceusage.v1beta1.ServiceIdentity","email":"service-441077080510@gcp-sa-eventarc.iam.gserviceaccount.com","uniqueId":"108313195765558811599"}}
[debug] [2026-02-15T18:18:41.039Z] Checked if tokens are valid: true, expires at: 1771182130769
[debug] [2026-02-15T18:18:41.039Z] Checked if tokens are valid: true, expires at: 1771182130769
[debug] [2026-02-15T18:18:41.039Z] >>> [apiv2][query] GET https://cloudresourcemanager.googleapis.com/v1/projects/cheforumreal [none]
[debug] [2026-02-15T18:18:42.710Z] <<< [apiv2][status] GET https://cloudresourcemanager.googleapis.com/v1/projects/cheforumreal 200
[debug] [2026-02-15T18:18:42.711Z] <<< [apiv2][body] GET https://cloudresourcemanager.googleapis.com/v1/projects/cheforumreal {"projectNumber":"441077080510","projectId":"cheforumreal","lifecycleState":"ACTIVE","name":"CheFu Academy","labels":{"firebase":"enabled","generative-language":"enabled"},"createTime":"2024-09-07T14:27:00.117730Z"}
[debug] [2026-02-15T18:18:42.711Z] Checked if tokens are valid: true, expires at: 1771182130769
[debug] [2026-02-15T18:18:42.711Z] Checked if tokens are valid: true, expires at: 1771182130769
[debug] [2026-02-15T18:18:42.711Z] >>> [apiv2][query] GET https://compute.googleapis.com/compute/v1/projects/441077080510 [none]
[debug] [2026-02-15T18:18:43.430Z] <<< [apiv2][status] GET https://compute.googleapis.com/compute/v1/projects/441077080510 403
[debug] [2026-02-15T18:18:43.430Z] <<< [apiv2][body] GET https://compute.googleapis.com/compute/v1/projects/441077080510 {"error":{"code":403,"message":"Compute Engine API has not been used in project 441077080510 before or it is disabled. Enable it by visiting https://console.developers.google.com/apis/api/compute.googleapis.com/overview?project=441077080510 then retry. If you enabled this API recently, wait a few minutes for the action to propagate to our systems and retry.","errors":[{"message":"Compute Engine API has not been used in project 441077080510 before or it is disabled. Enable it by visiting https://console.developers.google.com/apis/api/compute.googleapis.com/overview?project=441077080510 then retry. If you enabled this API recently, wait a few minutes for the action to propagate to our systems and retry.","domain":"usageLimits","reason":"accessNotConfigured","extendedHelp":"https://console.developers.google.com"}],"status":"PERMISSION_DENIED","details":[{"@type":"type.googleapis.com/google.rpc.ErrorInfo","reason":"SERVICE_DISABLED","domain":"googleapis.com","metadata":{"containerInfo":"441077080510","serviceTitle":"Compute Engine API","activationUrl":"https://console.developers.google.com/apis/api/compute.googleapis.com/overview?project=441077080510","service":"compute.googleapis.com","consumer":"projects/441077080510"}},{"@type":"type.googleapis.com/google.rpc.LocalizedMessage","locale":"en-US","message":"Compute Engine API has not been used in project 441077080510 before or it is disabled. Enable it by visiting https://console.developers.google.com/apis/api/compute.googleapis.com/overview?project=441077080510 then retry. If you enabled this API recently, wait a few minutes for the action to propagate to our systems and retry."},{"@type":"type.googleapis.com/google.rpc.Help","links":[{"description":"Google developers console API activation","url":"https://console.developers.google.com/apis/api/compute.googleapis.com/overview?project=441077080510"}]}]}}
[debug] [2026-02-15T18:18:43.431Z] unable to look up default compute service account. Falling back to 441077080510-compute@developer.gserviceaccount.com. Error: {"name":"FirebaseError","children":[],"context":{"body":{"error":{"code":403,"message":"Compute Engine API has not been used in project 441077080510 before or it is disabled. Enable it by visiting https://console.developers.google.com/apis/api/compute.googleapis.com/overview?project=441077080510 then retry. If you enabled this API recently, wait a few minutes for the action to propagate to our systems and retry.","errors":[{"message":"Compute Engine API has not been used in project 441077080510 before or it is disabled. Enable it by visiting https://console.developers.google.com/apis/api/compute.googleapis.com/overview?project=441077080510 then retry. If you enabled this API recently, wait a few minutes for the action to propagate to our systems and retry.","domain":"usageLimits","reason":"accessNotConfigured","extendedHelp":"https://console.developers.google.com"}],"status":"PERMISSION_DENIED","details":[{"@type":"type.googleapis.com/google.rpc.ErrorInfo","reason":"SERVICE_DISABLED","domain":"googleapis.com","metadata":{"containerInfo":"441077080510","serviceTitle":"Compute Engine API","activationUrl":"https://console.developers.google.com/apis/api/compute.googleapis.com/overview?project=441077080510","service":"compute.googleapis.com","consumer":"projects/441077080510"}},{"@type":"type.googleapis.com/google.rpc.LocalizedMessage","locale":"en-US","message":"Compute Engine API has not been used in project 441077080510 before or it is disabled. Enable it by visiting https://console.developers.google.com/apis/api/compute.googleapis.com/overview?project=441077080510 then retry. If you enabled this API recently, wait a few minutes for the action to propagate to our systems and retry."},{"@type":"type.googleapis.com/google.rpc.Help","links":[{"description":"Google developers console API activation","url":"https://console.developers.google.com/apis/api/compute.googleapis.com/overview?project=441077080510"}]}]}},"response":{"statusCode":403}},"exit":1,"message":"Request to https://compute.googleapis.com/compute/v1/projects/441077080510 had HTTP Error: 403, Compute Engine API has not been used in project 441077080510 before or it is disabled. Enable it by visiting https://console.developers.google.com/apis/api/compute.googleapis.com/overview?project=441077080510 then retry. If you enabled this API recently, wait a few minutes for the action to propagate to our systems and retry.","status":403}
[debug] [2026-02-15T18:18:43.432Z] Checked if tokens are valid: true, expires at: 1771182130769
[debug] [2026-02-15T18:18:43.432Z] Checked if tokens are valid: true, expires at: 1771182130769
[debug] [2026-02-15T18:18:43.432Z] >>> [apiv2][query] GET https://cloudbilling.googleapis.com/v1/projects/cheforumreal/billingInfo [none]
[debug] [2026-02-15T18:18:44.046Z] <<< [apiv2][status] GET https://cloudbilling.googleapis.com/v1/projects/cheforumreal/billingInfo 200
[debug] [2026-02-15T18:18:44.046Z] <<< [apiv2][body] GET https://cloudbilling.googleapis.com/v1/projects/cheforumreal/billingInfo {"name":"projects/cheforumreal/billingInfo","projectId":"cheforumreal","billingAccountName":"billingAccounts/013191-07864D-59B2AF","billingEnabled":true}
[debug] [2026-02-15T18:18:44.048Z] Checked if tokens are valid: true, expires at: 1771182130769
[debug] [2026-02-15T18:18:44.048Z] Checked if tokens are valid: true, expires at: 1771182130769
[debug] [2026-02-15T18:18:44.048Z] >>> [apiv2][query] POST https://cloudfunctions.googleapis.com/v2/projects/cheforumreal/locations/us-central1/functions:generateUploadUrl [none]
[debug] [2026-02-15T18:18:45.171Z] <<< [apiv2][status] POST https://cloudfunctions.googleapis.com/v2/projects/cheforumreal/locations/us-central1/functions:generateUploadUrl 200
[debug] [2026-02-15T18:18:45.171Z] <<< [apiv2][body] POST https://cloudfunctions.googleapis.com/v2/projects/cheforumreal/locations/us-central1/functions:generateUploadUrl {"uploadUrl":"https://storage.googleapis.com/gcf-v2-uploads-441077080510.us-central1.cloudfunctions.appspot.com/bafe2952-5218-4522-a2bb-82650f59fe46.zip?GoogleAccessId=service-441077080510@gcf-admin-robot.iam.gserviceaccount.com&Expires=1771181324&Signature=aQheSVs4QKIYCyji26Bjur%2FgWW5qCn0JZpurAh0JzyDQSzcRN3mFtjXizE7329hb2kM2XjSXeZRE2Dln6Vr2U1CXZPLYoY3DX4NQT9wcI3KCcTBPV4PT4DFZ61wZopp4lsdomq5ywPyG1pkX9AcyLqISQ0B%2BorI%2FmvgbcPOk3aUfoPAZcFCrZy8jIoXOUdI8uCfE4WBemJoci7BvPCvUI%2FVemQb%2FEjoiFoSB71hwKbzyA4wzlPB2OgNlwP6slsDRG4%2Feni6t38Zw%2Bd5r3Uh1vHpYWDppNheMzOwYm6daRYzPstX9MDd0KnPWC378ub6ypcA%2Bl%2BAHYbai45o9Tu38FQ%3D%3D","storageSource":{"bucket":"gcf-v2-uploads-441077080510.us-central1.cloudfunctions.appspot.com","object":"bafe2952-5218-4522-a2bb-82650f59fe46.zip"}}
[debug] [2026-02-15T18:18:45.173Z] >>> [apiv2][query] PUT https://storage.googleapis.com/gcf-v2-uploads-441077080510.us-central1.cloudfunctions.appspot.com/bafe2952-5218-4522-a2bb-82650f59fe46.zip GoogleAccessId=service-441077080510%40gcf-admin-robot.iam.gserviceaccount.com&Expires=1771181324&Signature=aQheSVs4QKIYCyji26Bjur%2FgWW5qCn0JZpurAh0JzyDQSzcRN3mFtjXizE7329hb2kM2XjSXeZRE2Dln6Vr2U1CXZPLYoY3DX4NQT9wcI3KCcTBPV4PT4DFZ61wZopp4lsdomq5ywPyG1pkX9AcyLqISQ0B%2BorI%2FmvgbcPOk3aUfoPAZcFCrZy8jIoXOUdI8uCfE4WBemJoci7BvPCvUI%2FVemQb%2FEjoiFoSB71hwKbzyA4wzlPB2OgNlwP6slsDRG4%2Feni6t38Zw%2Bd5r3Uh1vHpYWDppNheMzOwYm6daRYzPstX9MDd0KnPWC378ub6ypcA%2Bl%2BAHYbai45o9Tu38FQ%3D%3D
[debug] [2026-02-15T18:18:45.173Z] >>> [apiv2][body] PUT https://storage.googleapis.com/gcf-v2-uploads-441077080510.us-central1.cloudfunctions.appspot.com/bafe2952-5218-4522-a2bb-82650f59fe46.zip [stream]
[debug] [2026-02-15T18:18:46.880Z] <<< [apiv2][status] PUT https://storage.googleapis.com/gcf-v2-uploads-441077080510.us-central1.cloudfunctions.appspot.com/bafe2952-5218-4522-a2bb-82650f59fe46.zip 200
[debug] [2026-02-15T18:18:46.881Z] <<< [apiv2][body] PUT https://storage.googleapis.com/gcf-v2-uploads-441077080510.us-central1.cloudfunctions.appspot.com/bafe2952-5218-4522-a2bb-82650f59fe46.zip [omitted]
[info] +  functions: functions source uploaded successfully 
[info] i  functions: updating Node.js 22 (2nd Gen) function webauthnApi(us-central1)... 
[debug] [2026-02-15T18:18:46.887Z] Checked if tokens are valid: true, expires at: 1771182130769
[debug] [2026-02-15T18:18:46.887Z] Checked if tokens are valid: true, expires at: 1771182130769
[debug] [2026-02-15T18:18:46.887Z] >>> [apiv2][query] PATCH https://cloudfunctions.googleapis.com/v2/projects/cheforumreal/locations/us-central1/functions/webauthnApi updateMask=name%2CbuildConfig.runtime%2CbuildConfig.entryPoint%2CbuildConfig.source.storageSource.bucket%2CbuildConfig.source.storageSource.object%2CbuildConfig.environmentVariables%2CbuildConfig.sourceToken%2CserviceConfig.environmentVariables%2CserviceConfig.ingressSettings%2CserviceConfig.timeoutSeconds%2CserviceConfig.serviceAccountEmail%2CserviceConfig.availableMemory%2CserviceConfig.minInstanceCount%2CserviceConfig.maxInstanceCount%2CserviceConfig.maxInstanceRequestConcurrency%2CserviceConfig.availableCpu%2CserviceConfig.vpcConnector%2CserviceConfig.vpcConnectorEgressSettings%2Clabels
[debug] [2026-02-15T18:18:46.888Z] >>> [apiv2][body] PATCH https://cloudfunctions.googleapis.com/v2/projects/cheforumreal/locations/us-central1/functions/webauthnApi {"name":"projects/cheforumreal/locations/us-central1/functions/webauthnApi","buildConfig":{"runtime":"nodejs22","entryPoint":"webauthnApi","source":{"storageSource":{"bucket":"gcf-v2-uploads-441077080510.us-central1.cloudfunctions.appspot.com","object":"bafe2952-5218-4522-a2bb-82650f59fe46.zip"}},"environmentVariables":{"GOOGLE_NODE_RUN_SCRIPTS":""}},"serviceConfig":{"environmentVariables":{"RESEND_API_KEY":"re_exGpji42_9u3cRDmHdBpx6o7SbErpCexH","SIGNIN_ALERT_FROM":"Security security@chefuinc.com","FIREBASE_CONFIG":"{\"projectId\":\"cheforumreal\",\"storageBucket\":\"cheforumreal.appspot.com\",\"locationId\":\"us-central\"}","GCLOUD_PROJECT":"cheforumreal","EVENTARC_CLOUD_EVENT_SOURCE":"projects/cheforumreal/locations/us-central1/services/webauthnApi","FUNCTION_TARGET":"webauthnApi","LOG_EXECUTION_ID":"true"},"ingressSettings":null,"timeoutSeconds":null,"serviceAccountEmail":null,"availableMemory":"256Mi","minInstanceCount":null,"maxInstanceCount":10,"maxInstanceRequestConcurrency":80,"availableCpu":"1","vpcConnector":null,"vpcConnectorEgressSettings":null},"labels":{"deployment-tool":"cli-firebase","firebase-functions-hash":"63c9a49e4940d0a6400c181abb569557520835f7"}}
[debug] [2026-02-15T18:18:48.544Z] <<< [apiv2][status] PATCH https://cloudfunctions.googleapis.com/v2/projects/cheforumreal/locations/us-central1/functions/webauthnApi 200
[debug] [2026-02-15T18:18:48.544Z] <<< [apiv2][body] PATCH https://cloudfunctions.googleapis.com/v2/projects/cheforumreal/locations/us-central1/functions/webauthnApi {"name":"projects/cheforumreal/locations/us-central1/operations/operation-1771179527383-64ae0de902918-a0f8a99b-225060ef","metadata":{"@type":"type.googleapis.com/google.cloud.functions.v2.OperationMetadata","createTime":"2026-02-15T18:18:48.190378756Z","target":"projects/cheforumreal/locations/us-central1/functions/webauthnApi","verb":"update","cancelRequested":false,"apiVersion":"v2"},"done":false}
[debug] [2026-02-15T18:18:48.545Z] Checked if tokens are valid: true, expires at: 1771182130769
[debug] [2026-02-15T18:18:48.545Z] Checked if tokens are valid: true, expires at: 1771182130769
[debug] [2026-02-15T18:18:48.545Z] >>> [apiv2][query] GET https://cloudfunctions.googleapis.com/v2/projects/cheforumreal/locations/us-central1/operations/operation-1771179527383-64ae0de902918-a0f8a99b-225060ef [none]
[debug] [2026-02-15T18:18:49.405Z] <<< [apiv2][status] GET https://cloudfunctions.googleapis.com/v2/projects/cheforumreal/locations/us-central1/operations/operation-1771179527383-64ae0de902918-a0f8a99b-225060ef 200
[debug] [2026-02-15T18:18:49.405Z] <<< [apiv2][body] GET https://cloudfunctions.googleapis.com/v2/projects/cheforumreal/locations/us-central1/operations/operation-1771179527383-64ae0de902918-a0f8a99b-225060ef {"name":"projects/cheforumreal/locations/us-central1/operations/operation-1771179527383-64ae0de902918-a0f8a99b-225060ef","metadata":{"@type":"type.googleapis.com/google.cloud.functions.v2.OperationMetadata","createTime":"2026-02-15T18:18:48.190378756Z","target":"projects/cheforumreal/locations/us-central1/functions/webauthnApi","verb":"update","cancelRequested":false,"apiVersion":"v2","requestResource":{"@type":"type.googleapis.com/google.cloud.functions.v2.Function","name":"projects/cheforumreal/locations/us-central1/functions/webauthnApi","buildConfig":{"runtime":"nodejs22","entryPoint":"webauthnApi","source":{"storageSource":{"bucket":"gcf-v2-sources-441077080510-us-central1","object":"webauthnApi/function-source.zip","generation":"1771179528139006"}},"environmentVariables":{"GOOGLE_NODE_RUN_SCRIPTS":""},"dockerRepository":"projects/cheforumreal/locations/us-central1/repositories/gcf-artifacts","sourceProvenance":{"resolvedStorageSource":{"bucket":"gcf-v2-sources-441077080510-us-central1","object":"webauthnApi/function-source.zip","generation":"1771107752914056"}},"dockerRegistry":"ARTIFACT_REGISTRY","serviceAccount":"projects/cheforumreal/serviceAccounts/441077080510-compute@developer.gserviceaccount.com","automaticUpdatePolicy":{}},"serviceConfig":{"service":"projects/cheforumreal/locations/us-central1/services/webauthnapi","timeoutSeconds":60,"environmentVariables":{"RESEND_API_KEY":"re_exGpji42_9u3cRDmHdBpx6o7SbErpCexH","SIGNIN_ALERT_FROM":"Security security@chefuinc.com","FIREBASE_CONFIG":"{\"projectId\":\"cheforumreal\",\"storageBucket\":\"cheforumreal.appspot.com\",\"locationId\":\"us-central\"}","GCLOUD_PROJECT":"cheforumreal","EVENTARC_CLOUD_EVENT_SOURCE":"projects/cheforumreal/locations/us-central1/services/webauthnApi","FUNCTION_TARGET":"webauthnApi","LOG_EXECUTION_ID":"true"},"maxInstanceCount":10,"ingressSettings":"ALLOW_ALL","uri":"https://webauthnapi-unq7rywhyq-uc.a.run.app","serviceAccountEmail":"441077080510-compute@developer.gserviceaccount.com","availableMemory":"256Mi","allTrafficOnLatestRevision":true,"revision":"webauthnapi-00008-lug","maxInstanceRequestConcurrency":80,"availableCpu":"1"},"state":"ACTIVE","labels":{"deployment-tool":"cli-firebase","firebase-functions-hash":"63c9a49e4940d0a6400c181abb569557520835f7"},"environment":"GEN_2","url":"https://us-central1-cheforumreal.cloudfunctions.net/webauthnApi","satisfiesPzi":true},"stages":[{"name":"BUILD","message":"Creating build","state":"IN_PROGRESS","resource":"projects/441077080510/locations/us-central1/builds/5d555097-a334-44b4-a586-e021285c3ead","resourceUri":"https://console.cloud.google.com/cloud-build/builds;region=us-central1/5d555097-a334-44b4-a586-e021285c3ead?project=441077080510"},{"name":"SERVICE","state":"NOT_STARTED"}],"operationType":"UPDATE_FUNCTION","buildName":"projects/441077080510/locations/us-central1/builds/5d555097-a334-44b4-a586-e021285c3ead"},"done":false}
[debug] [2026-02-15T18:18:49.912Z] [update-default-us-central1-webauthnApi] Retrying task index 0
[debug] [2026-02-15T18:18:49.912Z] Checked if tokens are valid: true, expires at: 1771182130769
[debug] [2026-02-15T18:18:49.912Z] Checked if tokens are valid: true, expires at: 1771182130769
[debug] [2026-02-15T18:18:49.913Z] >>> [apiv2][query] GET https://cloudfunctions.googleapis.com/v2/projects/cheforumreal/locations/us-central1/operations/operation-1771179527383-64ae0de902918-a0f8a99b-225060ef [none]
[debug] [2026-02-15T18:18:50.753Z] <<< [apiv2][status] GET https://cloudfunctions.googleapis.com/v2/projects/cheforumreal/locations/us-central1/operations/operation-1771179527383-64ae0de902918-a0f8a99b-225060ef 200
[debug] [2026-02-15T18:18:50.753Z] <<< [apiv2][body] GET https://cloudfunctions.googleapis.com/v2/projects/cheforumreal/locations/us-central1/operations/operation-1771179527383-64ae0de902918-a0f8a99b-225060ef {"name":"projects/cheforumreal/locations/us-central1/operations/operation-1771179527383-64ae0de902918-a0f8a99b-225060ef","metadata":{"@type":"type.googleapis.com/google.cloud.functions.v2.OperationMetadata","createTime":"2026-02-15T18:18:48.190378756Z","target":"projects/cheforumreal/locations/us-central1/functions/webauthnApi","verb":"update","cancelRequested":false,"apiVersion":"v2","requestResource":{"@type":"type.googleapis.com/google.cloud.functions.v2.Function","name":"projects/cheforumreal/locations/us-central1/functions/webauthnApi","buildConfig":{"runtime":"nodejs22","entryPoint":"webauthnApi","source":{"storageSource":{"bucket":"gcf-v2-sources-441077080510-us-central1","object":"webauthnApi/function-source.zip","generation":"1771179528139006"}},"environmentVariables":{"GOOGLE_NODE_RUN_SCRIPTS":""},"dockerRepository":"projects/cheforumreal/locations/us-central1/repositories/gcf-artifacts","sourceProvenance":{"resolvedStorageSource":{"bucket":"gcf-v2-sources-441077080510-us-central1","object":"webauthnApi/function-source.zip","generation":"1771107752914056"}},"dockerRegistry":"ARTIFACT_REGISTRY","serviceAccount":"projects/cheforumreal/serviceAccounts/441077080510-compute@developer.gserviceaccount.com","automaticUpdatePolicy":{}},"serviceConfig":{"service":"projects/cheforumreal/locations/us-central1/services/webauthnapi","timeoutSeconds":60,"environmentVariables":{"RESEND_API_KEY":"re_exGpji42_9u3cRDmHdBpx6o7SbErpCexH","SIGNIN_ALERT_FROM":"Security security@chefuinc.com","FIREBASE_CONFIG":"{\"projectId\":\"cheforumreal\",\"storageBucket\":\"cheforumreal.appspot.com\",\"locationId\":\"us-central\"}","GCLOUD_PROJECT":"cheforumreal","EVENTARC_CLOUD_EVENT_SOURCE":"projects/cheforumreal/locations/us-central1/services/webauthnApi","FUNCTION_TARGET":"webauthnApi","LOG_EXECUTION_ID":"true"},"maxInstanceCount":10,"ingressSettings":"ALLOW_ALL","uri":"https://webauthnapi-unq7rywhyq-uc.a.run.app","serviceAccountEmail":"441077080510-compute@developer.gserviceaccount.com","availableMemory":"256Mi","allTrafficOnLatestRevision":true,"revision":"webauthnapi-00008-lug","maxInstanceRequestConcurrency":80,"availableCpu":"1"},"state":"ACTIVE","labels":{"deployment-tool":"cli-firebase","firebase-functions-hash":"63c9a49e4940d0a6400c181abb569557520835f7"},"environment":"GEN_2","url":"https://us-central1-cheforumreal.cloudfunctions.net/webauthnApi","satisfiesPzi":true},"stages":[{"name":"BUILD","message":"Build in progress","state":"IN_PROGRESS","resource":"projects/441077080510/locations/us-central1/builds/5d555097-a334-44b4-a586-e021285c3ead","resourceUri":"https://console.cloud.google.com/cloud-build/builds;region=us-central1/5d555097-a334-44b4-a586-e021285c3ead?project=441077080510"},{"name":"SERVICE","state":"NOT_STARTED"}],"operationType":"UPDATE_FUNCTION","buildName":"projects/441077080510/locations/us-central1/builds/5d555097-a334-44b4-a586-e021285c3ead"},"done":false}
[debug] [2026-02-15T18:18:51.756Z] [update-default-us-central1-webauthnApi] Retrying task index 0
[debug] [2026-02-15T18:18:51.756Z] Checked if tokens are valid: true, expires at: 1771182130769
[debug] [2026-02-15T18:18:51.756Z] Checked if tokens are valid: true, expires at: 1771182130769
[debug] [2026-02-15T18:18:51.756Z] >>> [apiv2][query] GET https://cloudfunctions.googleapis.com/v2/projects/cheforumreal/locations/us-central1/operations/operation-1771179527383-64ae0de902918-a0f8a99b-225060ef [none]
[debug] [2026-02-15T18:18:52.617Z] <<< [apiv2][status] GET https://cloudfunctions.googleapis.com/v2/projects/cheforumreal/locations/us-central1/operations/operation-1771179527383-64ae0de902918-a0f8a99b-225060ef 200
[debug] [2026-02-15T18:18:52.617Z] <<< [apiv2][body] GET https://cloudfunctions.googleapis.com/v2/projects/cheforumreal/locations/us-central1/operations/operation-1771179527383-64ae0de902918-a0f8a99b-225060ef {"name":"projects/cheforumreal/locations/us-central1/operations/operation-1771179527383-64ae0de902918-a0f8a99b-225060ef","metadata":{"@type":"type.googleapis.com/google.cloud.functions.v2.OperationMetadata","createTime":"2026-02-15T18:18:48.190378756Z","target":"projects/cheforumreal/locations/us-central1/functions/webauthnApi","verb":"update","cancelRequested":false,"apiVersion":"v2","requestResource":{"@type":"type.googleapis.com/google.cloud.functions.v2.Function","name":"projects/cheforumreal/locations/us-central1/functions/webauthnApi","buildConfig":{"runtime":"nodejs22","entryPoint":"webauthnApi","source":{"storageSource":{"bucket":"gcf-v2-sources-441077080510-us-central1","object":"webauthnApi/function-source.zip","generation":"1771179528139006"}},"environmentVariables":{"GOOGLE_NODE_RUN_SCRIPTS":""},"dockerRepository":"projects/cheforumreal/locations/us-central1/repositories/gcf-artifacts","sourceProvenance":{"resolvedStorageSource":{"bucket":"gcf-v2-sources-441077080510-us-central1","object":"webauthnApi/function-source.zip","generation":"1771107752914056"}},"dockerRegistry":"ARTIFACT_REGISTRY","serviceAccount":"projects/cheforumreal/serviceAccounts/441077080510-compute@developer.gserviceaccount.com","automaticUpdatePolicy":{}},"serviceConfig":{"service":"projects/cheforumreal/locations/us-central1/services/webauthnapi","timeoutSeconds":60,"environmentVariables":{"RESEND_API_KEY":"re_exGpji42_9u3cRDmHdBpx6o7SbErpCexH","SIGNIN_ALERT_FROM":"Security security@chefuinc.com","FIREBASE_CONFIG":"{\"projectId\":\"cheforumreal\",\"storageBucket\":\"cheforumreal.appspot.com\",\"locationId\":\"us-central\"}","GCLOUD_PROJECT":"cheforumreal","EVENTARC_CLOUD_EVENT_SOURCE":"projects/cheforumreal/locations/us-central1/services/webauthnApi","FUNCTION_TARGET":"webauthnApi","LOG_EXECUTION_ID":"true"},"maxInstanceCount":10,"ingressSettings":"ALLOW_ALL","uri":"https://webauthnapi-unq7rywhyq-uc.a.run.app","serviceAccountEmail":"441077080510-compute@developer.gserviceaccount.com","availableMemory":"256Mi","allTrafficOnLatestRevision":true,"revision":"webauthnapi-00008-lug","maxInstanceRequestConcurrency":80,"availableCpu":"1"},"state":"ACTIVE","labels":{"deployment-tool":"cli-firebase","firebase-functions-hash":"63c9a49e4940d0a6400c181abb569557520835f7"},"environment":"GEN_2","url":"https://us-central1-cheforumreal.cloudfunctions.net/webauthnApi","satisfiesPzi":true},"stages":[{"name":"BUILD","message":"Build in progress","state":"IN_PROGRESS","resource":"projects/441077080510/locations/us-central1/builds/5d555097-a334-44b4-a586-e021285c3ead","resourceUri":"https://console.cloud.google.com/cloud-build/builds;region=us-central1/5d555097-a334-44b4-a586-e021285c3ead?project=441077080510"},{"name":"SERVICE","state":"NOT_STARTED"}],"operationType":"UPDATE_FUNCTION","buildName":"projects/441077080510/locations/us-central1/builds/5d555097-a334-44b4-a586-e021285c3ead"},"done":false}
[debug] [2026-02-15T18:18:54.619Z] [update-default-us-central1-webauthnApi] Retrying task index 0
[debug] [2026-02-15T18:18:54.619Z] Checked if tokens are valid: true, expires at: 1771182130769
[debug] [2026-02-15T18:18:54.619Z] Checked if tokens are valid: true, expires at: 1771182130769
[debug] [2026-02-15T18:18:54.619Z] >>> [apiv2][query] GET https://cloudfunctions.googleapis.com/v2/projects/cheforumreal/locations/us-central1/operations/operation-1771179527383-64ae0de902918-a0f8a99b-225060ef [none]
[debug] [2026-02-15T18:18:54.949Z] <<< [apiv2][status] GET https://cloudfunctions.googleapis.com/v2/projects/cheforumreal/locations/us-central1/operations/operation-1771179527383-64ae0de902918-a0f8a99b-225060ef 200
[debug] [2026-02-15T18:18:54.949Z] <<< [apiv2][body] GET https://cloudfunctions.googleapis.com/v2/projects/cheforumreal/locations/us-central1/operations/operation-1771179527383-64ae0de902918-a0f8a99b-225060ef {"name":"projects/cheforumreal/locations/us-central1/operations/operation-1771179527383-64ae0de902918-a0f8a99b-225060ef","metadata":{"@type":"type.googleapis.com/google.cloud.functions.v2.OperationMetadata","createTime":"2026-02-15T18:18:48.190378756Z","target":"projects/cheforumreal/locations/us-central1/functions/webauthnApi","verb":"update","cancelRequested":false,"apiVersion":"v2","requestResource":{"@type":"type.googleapis.com/google.cloud.functions.v2.Function","name":"projects/cheforumreal/locations/us-central1/functions/webauthnApi","buildConfig":{"runtime":"nodejs22","entryPoint":"webauthnApi","source":{"storageSource":{"bucket":"gcf-v2-sources-441077080510-us-central1","object":"webauthnApi/function-source.zip","generation":"1771179528139006"}},"environmentVariables":{"GOOGLE_NODE_RUN_SCRIPTS":""},"dockerRepository":"projects/cheforumreal/locations/us-central1/repositories/gcf-artifacts","sourceProvenance":{"resolvedStorageSource":{"bucket":"gcf-v2-sources-441077080510-us-central1","object":"webauthnApi/function-source.zip","generation":"1771107752914056"}},"dockerRegistry":"ARTIFACT_REGISTRY","serviceAccount":"projects/cheforumreal/serviceAccounts/441077080510-compute@developer.gserviceaccount.com","automaticUpdatePolicy":{}},"serviceConfig":{"service":"projects/cheforumreal/locations/us-central1/services/webauthnapi","timeoutSeconds":60,"environmentVariables":{"RESEND_API_KEY":"re_exGpji42_9u3cRDmHdBpx6o7SbErpCexH","SIGNIN_ALERT_FROM":"Security security@chefuinc.com","FIREBASE_CONFIG":"{\"projectId\":\"cheforumreal\",\"storageBucket\":\"cheforumreal.appspot.com\",\"locationId\":\"us-central\"}","GCLOUD_PROJECT":"cheforumreal","EVENTARC_CLOUD_EVENT_SOURCE":"projects/cheforumreal/locations/us-central1/services/webauthnApi","FUNCTION_TARGET":"webauthnApi","LOG_EXECUTION_ID":"true"},"maxInstanceCount":10,"ingressSettings":"ALLOW_ALL","uri":"https://webauthnapi-unq7rywhyq-uc.a.run.app","serviceAccountEmail":"441077080510-compute@developer.gserviceaccount.com","availableMemory":"256Mi","allTrafficOnLatestRevision":true,"revision":"webauthnapi-00008-lug","maxInstanceRequestConcurrency":80,"availableCpu":"1"},"state":"ACTIVE","labels":{"deployment-tool":"cli-firebase","firebase-functions-hash":"63c9a49e4940d0a6400c181abb569557520835f7"},"environment":"GEN_2","url":"https://us-central1-cheforumreal.cloudfunctions.net/webauthnApi","satisfiesPzi":true},"stages":[{"name":"BUILD","message":"Build in progress","state":"IN_PROGRESS","resource":"projects/441077080510/locations/us-central1/builds/5d555097-a334-44b4-a586-e021285c3ead","resourceUri":"https://console.cloud.google.com/cloud-build/builds;region=us-central1/5d555097-a334-44b4-a586-e021285c3ead?project=441077080510"},{"name":"SERVICE","state":"NOT_STARTED"}],"operationType":"UPDATE_FUNCTION","buildName":"projects/441077080510/locations/us-central1/builds/5d555097-a334-44b4-a586-e021285c3ead"},"done":false}
[debug] [2026-02-15T18:18:58.956Z] [update-default-us-central1-webauthnApi] Retrying task index 0
[debug] [2026-02-15T18:18:58.956Z] Checked if tokens are valid: true, expires at: 1771182130769
[debug] [2026-02-15T18:18:58.956Z] Checked if tokens are valid: true, expires at: 1771182130769
[debug] [2026-02-15T18:18:58.956Z] >>> [apiv2][query] GET https://cloudfunctions.googleapis.com/v2/projects/cheforumreal/locations/us-central1/operations/operation-1771179527383-64ae0de902918-a0f8a99b-225060ef [none]
[debug] [2026-02-15T18:18:59.794Z] <<< [apiv2][status] GET https://cloudfunctions.googleapis.com/v2/projects/cheforumreal/locations/us-central1/operations/operation-1771179527383-64ae0de902918-a0f8a99b-225060ef 200
[debug] [2026-02-15T18:18:59.794Z] <<< [apiv2][body] GET https://cloudfunctions.googleapis.com/v2/projects/cheforumreal/locations/us-central1/operations/operation-1771179527383-64ae0de902918-a0f8a99b-225060ef {"name":"projects/cheforumreal/locations/us-central1/operations/operation-1771179527383-64ae0de902918-a0f8a99b-225060ef","metadata":{"@type":"type.googleapis.com/google.cloud.functions.v2.OperationMetadata","createTime":"2026-02-15T18:18:48.190378756Z","target":"projects/cheforumreal/locations/us-central1/functions/webauthnApi","verb":"update","cancelRequested":false,"apiVersion":"v2","requestResource":{"@type":"type.googleapis.com/google.cloud.functions.v2.Function","name":"projects/cheforumreal/locations/us-central1/functions/webauthnApi","buildConfig":{"runtime":"nodejs22","entryPoint":"webauthnApi","source":{"storageSource":{"bucket":"gcf-v2-sources-441077080510-us-central1","object":"webauthnApi/function-source.zip","generation":"1771179528139006"}},"environmentVariables":{"GOOGLE_NODE_RUN_SCRIPTS":""},"dockerRepository":"projects/cheforumreal/locations/us-central1/repositories/gcf-artifacts","sourceProvenance":{"resolvedStorageSource":{"bucket":"gcf-v2-sources-441077080510-us-central1","object":"webauthnApi/function-source.zip","generation":"1771107752914056"}},"dockerRegistry":"ARTIFACT_REGISTRY","serviceAccount":"projects/cheforumreal/serviceAccounts/441077080510-compute@developer.gserviceaccount.com","automaticUpdatePolicy":{}},"serviceConfig":{"service":"projects/cheforumreal/locations/us-central1/services/webauthnapi","timeoutSeconds":60,"environmentVariables":{"RESEND_API_KEY":"re_exGpji42_9u3cRDmHdBpx6o7SbErpCexH","SIGNIN_ALERT_FROM":"Security security@chefuinc.com","FIREBASE_CONFIG":"{\"projectId\":\"cheforumreal\",\"storageBucket\":\"cheforumreal.appspot.com\",\"locationId\":\"us-central\"}","GCLOUD_PROJECT":"cheforumreal","EVENTARC_CLOUD_EVENT_SOURCE":"projects/cheforumreal/locations/us-central1/services/webauthnApi","FUNCTION_TARGET":"webauthnApi","LOG_EXECUTION_ID":"true"},"maxInstanceCount":10,"ingressSettings":"ALLOW_ALL","uri":"https://webauthnapi-unq7rywhyq-uc.a.run.app","serviceAccountEmail":"441077080510-compute@developer.gserviceaccount.com","availableMemory":"256Mi","allTrafficOnLatestRevision":true,"revision":"webauthnapi-00008-lug","maxInstanceRequestConcurrency":80,"availableCpu":"1"},"state":"ACTIVE","labels":{"deployment-tool":"cli-firebase","firebase-functions-hash":"63c9a49e4940d0a6400c181abb569557520835f7"},"environment":"GEN_2","url":"https://us-central1-cheforumreal.cloudfunctions.net/webauthnApi","satisfiesPzi":true},"stages":[{"name":"BUILD","message":"Build in progress","state":"IN_PROGRESS","resource":"projects/441077080510/locations/us-central1/builds/5d555097-a334-44b4-a586-e021285c3ead","resourceUri":"https://console.cloud.google.com/cloud-build/builds;region=us-central1/5d555097-a334-44b4-a586-e021285c3ead?project=441077080510"},{"name":"SERVICE","state":"NOT_STARTED"}],"operationType":"UPDATE_FUNCTION","buildName":"projects/441077080510/locations/us-central1/builds/5d555097-a334-44b4-a586-e021285c3ead"},"done":false}
[debug] [2026-02-15T18:19:07.799Z] [update-default-us-central1-webauthnApi] Retrying task index 0
[debug] [2026-02-15T18:19:07.799Z] Checked if tokens are valid: true, expires at: 1771182130769
[debug] [2026-02-15T18:19:07.799Z] Checked if tokens are valid: true, expires at: 1771182130769
[debug] [2026-02-15T18:19:07.799Z] >>> [apiv2][query] GET https://cloudfunctions.googleapis.com/v2/projects/cheforumreal/locations/us-central1/operations/operation-1771179527383-64ae0de902918-a0f8a99b-225060ef [none]
[debug] [2026-02-15T18:19:08.859Z] <<< [apiv2][status] GET https://cloudfunctions.googleapis.com/v2/projects/cheforumreal/locations/us-central1/operations/operation-1771179527383-64ae0de902918-a0f8a99b-225060ef 200
[debug] [2026-02-15T18:19:08.859Z] <<< [apiv2][body] GET https://cloudfunctions.googleapis.com/v2/projects/cheforumreal/locations/us-central1/operations/operation-1771179527383-64ae0de902918-a0f8a99b-225060ef {"name":"projects/cheforumreal/locations/us-central1/operations/operation-1771179527383-64ae0de902918-a0f8a99b-225060ef","metadata":{"@type":"type.googleapis.com/google.cloud.functions.v2.OperationMetadata","createTime":"2026-02-15T18:18:48.190378756Z","target":"projects/cheforumreal/locations/us-central1/functions/webauthnApi","verb":"update","cancelRequested":false,"apiVersion":"v2","requestResource":{"@type":"type.googleapis.com/google.cloud.functions.v2.Function","name":"projects/cheforumreal/locations/us-central1/functions/webauthnApi","buildConfig":{"runtime":"nodejs22","entryPoint":"webauthnApi","source":{"storageSource":{"bucket":"gcf-v2-sources-441077080510-us-central1","object":"webauthnApi/function-source.zip","generation":"1771179528139006"}},"environmentVariables":{"GOOGLE_NODE_RUN_SCRIPTS":""},"dockerRepository":"projects/cheforumreal/locations/us-central1/repositories/gcf-artifacts","sourceProvenance":{"resolvedStorageSource":{"bucket":"gcf-v2-sources-441077080510-us-central1","object":"webauthnApi/function-source.zip","generation":"1771107752914056"}},"dockerRegistry":"ARTIFACT_REGISTRY","serviceAccount":"projects/cheforumreal/serviceAccounts/441077080510-compute@developer.gserviceaccount.com","automaticUpdatePolicy":{}},"serviceConfig":{"service":"projects/cheforumreal/locations/us-central1/services/webauthnapi","timeoutSeconds":60,"environmentVariables":{"RESEND_API_KEY":"re_exGpji42_9u3cRDmHdBpx6o7SbErpCexH","SIGNIN_ALERT_FROM":"Security security@chefuinc.com","FIREBASE_CONFIG":"{\"projectId\":\"cheforumreal\",\"storageBucket\":\"cheforumreal.appspot.com\",\"locationId\":\"us-central\"}","GCLOUD_PROJECT":"cheforumreal","EVENTARC_CLOUD_EVENT_SOURCE":"projects/cheforumreal/locations/us-central1/services/webauthnApi","FUNCTION_TARGET":"webauthnApi","LOG_EXECUTION_ID":"true"},"maxInstanceCount":10,"ingressSettings":"ALLOW_ALL","uri":"https://webauthnapi-unq7rywhyq-uc.a.run.app","serviceAccountEmail":"441077080510-compute@developer.gserviceaccount.com","availableMemory":"256Mi","allTrafficOnLatestRevision":true,"revision":"webauthnapi-00008-lug","maxInstanceRequestConcurrency":80,"availableCpu":"1"},"state":"ACTIVE","labels":{"deployment-tool":"cli-firebase","firebase-functions-hash":"63c9a49e4940d0a6400c181abb569557520835f7"},"environment":"GEN_2","url":"https://us-central1-cheforumreal.cloudfunctions.net/webauthnApi","satisfiesPzi":true},"stages":[{"name":"BUILD","message":"Build in progress","state":"IN_PROGRESS","resource":"projects/441077080510/locations/us-central1/builds/5d555097-a334-44b4-a586-e021285c3ead","resourceUri":"https://console.cloud.google.com/cloud-build/builds;region=us-central1/5d555097-a334-44b4-a586-e021285c3ead?project=441077080510"},{"name":"SERVICE","state":"NOT_STARTED"}],"operationType":"UPDATE_FUNCTION","buildName":"projects/441077080510/locations/us-central1/builds/5d555097-a334-44b4-a586-e021285c3ead"},"done":false}
[debug] [2026-02-15T18:19:18.870Z] [update-default-us-central1-webauthnApi] Retrying task index 0
[debug] [2026-02-15T18:19:18.870Z] Checked if tokens are valid: true, expires at: 1771182130769
[debug] [2026-02-15T18:19:18.870Z] Checked if tokens are valid: true, expires at: 1771182130769
[debug] [2026-02-15T18:19:18.870Z] >>> [apiv2][query] GET https://cloudfunctions.googleapis.com/v2/projects/cheforumreal/locations/us-central1/operations/operation-1771179527383-64ae0de902918-a0f8a99b-225060ef [none]
[debug] [2026-02-15T18:19:19.394Z] <<< [apiv2][status] GET https://cloudfunctions.googleapis.com/v2/projects/cheforumreal/locations/us-central1/operations/operation-1771179527383-64ae0de902918-a0f8a99b-225060ef 200
[debug] [2026-02-15T18:19:19.394Z] <<< [apiv2][body] GET https://cloudfunctions.googleapis.com/v2/projects/cheforumreal/locations/us-central1/operations/operation-1771179527383-64ae0de902918-a0f8a99b-225060ef {"name":"projects/cheforumreal/locations/us-central1/operations/operation-1771179527383-64ae0de902918-a0f8a99b-225060ef","metadata":{"@type":"type.googleapis.com/google.cloud.functions.v2.OperationMetadata","createTime":"2026-02-15T18:18:48.190378756Z","target":"projects/cheforumreal/locations/us-central1/functions/webauthnApi","verb":"update","cancelRequested":false,"apiVersion":"v2","requestResource":{"@type":"type.googleapis.com/google.cloud.functions.v2.Function","name":"projects/cheforumreal/locations/us-central1/functions/webauthnApi","buildConfig":{"runtime":"nodejs22","entryPoint":"webauthnApi","source":{"storageSource":{"bucket":"gcf-v2-sources-441077080510-us-central1","object":"webauthnApi/function-source.zip","generation":"1771179528139006"}},"environmentVariables":{"GOOGLE_NODE_RUN_SCRIPTS":""},"dockerRepository":"projects/cheforumreal/locations/us-central1/repositories/gcf-artifacts","sourceProvenance":{"resolvedStorageSource":{"bucket":"gcf-v2-sources-441077080510-us-central1","object":"webauthnApi/function-source.zip","generation":"1771107752914056"}},"dockerRegistry":"ARTIFACT_REGISTRY","serviceAccount":"projects/cheforumreal/serviceAccounts/441077080510-compute@developer.gserviceaccount.com","automaticUpdatePolicy":{}},"serviceConfig":{"service":"projects/cheforumreal/locations/us-central1/services/webauthnapi","timeoutSeconds":60,"environmentVariables":{"RESEND_API_KEY":"re_exGpji42_9u3cRDmHdBpx6o7SbErpCexH","SIGNIN_ALERT_FROM":"Security security@chefuinc.com","FIREBASE_CONFIG":"{\"projectId\":\"cheforumreal\",\"storageBucket\":\"cheforumreal.appspot.com\",\"locationId\":\"us-central\"}","GCLOUD_PROJECT":"cheforumreal","EVENTARC_CLOUD_EVENT_SOURCE":"projects/cheforumreal/locations/us-central1/services/webauthnApi","FUNCTION_TARGET":"webauthnApi","LOG_EXECUTION_ID":"true"},"maxInstanceCount":10,"ingressSettings":"ALLOW_ALL","uri":"https://webauthnapi-unq7rywhyq-uc.a.run.app","serviceAccountEmail":"441077080510-compute@developer.gserviceaccount.com","availableMemory":"256Mi","allTrafficOnLatestRevision":true,"revision":"webauthnapi-00008-lug","maxInstanceRequestConcurrency":80,"availableCpu":"1"},"state":"ACTIVE","labels":{"deployment-tool":"cli-firebase","firebase-functions-hash":"63c9a49e4940d0a6400c181abb569557520835f7"},"environment":"GEN_2","url":"https://us-central1-cheforumreal.cloudfunctions.net/webauthnApi","satisfiesPzi":true},"stages":[{"name":"BUILD","message":"Build in progress","state":"IN_PROGRESS","resource":"projects/441077080510/locations/us-central1/builds/5d555097-a334-44b4-a586-e021285c3ead","resourceUri":"https://console.cloud.google.com/cloud-build/builds;region=us-central1/5d555097-a334-44b4-a586-e021285c3ead?project=441077080510"},{"name":"SERVICE","state":"NOT_STARTED"}],"operationType":"UPDATE_FUNCTION","buildName":"projects/441077080510/locations/us-central1/builds/5d555097-a334-44b4-a586-e021285c3ead"},"done":false}
[debug] [2026-02-15T18:19:29.407Z] [update-default-us-central1-webauthnApi] Retrying task index 0
[debug] [2026-02-15T18:19:29.408Z] Checked if tokens are valid: true, expires at: 1771182130769
[debug] [2026-02-15T18:19:29.408Z] Checked if tokens are valid: true, expires at: 1771182130769
[debug] [2026-02-15T18:19:29.408Z] >>> [apiv2][query] GET https://cloudfunctions.googleapis.com/v2/projects/cheforumreal/locations/us-central1/operations/operation-1771179527383-64ae0de902918-a0f8a99b-225060ef [none]
[debug] [2026-02-15T18:19:30.463Z] <<< [apiv2][status] GET https://cloudfunctions.googleapis.com/v2/projects/cheforumreal/locations/us-central1/operations/operation-1771179527383-64ae0de902918-a0f8a99b-225060ef 200
[debug] [2026-02-15T18:19:30.463Z] <<< [apiv2][body] GET https://cloudfunctions.googleapis.com/v2/projects/cheforumreal/locations/us-central1/operations/operation-1771179527383-64ae0de902918-a0f8a99b-225060ef {"name":"projects/cheforumreal/locations/us-central1/operations/operation-1771179527383-64ae0de902918-a0f8a99b-225060ef","metadata":{"@type":"type.googleapis.com/google.cloud.functions.v2.OperationMetadata","createTime":"2026-02-15T18:18:48.190378756Z","target":"projects/cheforumreal/locations/us-central1/functions/webauthnApi","verb":"update","cancelRequested":false,"apiVersion":"v2","requestResource":{"@type":"type.googleapis.com/google.cloud.functions.v2.Function","name":"projects/cheforumreal/locations/us-central1/functions/webauthnApi","buildConfig":{"runtime":"nodejs22","entryPoint":"webauthnApi","source":{"storageSource":{"bucket":"gcf-v2-sources-441077080510-us-central1","object":"webauthnApi/function-source.zip","generation":"1771179528139006"}},"environmentVariables":{"GOOGLE_NODE_RUN_SCRIPTS":""},"dockerRepository":"projects/cheforumreal/locations/us-central1/repositories/gcf-artifacts","sourceProvenance":{"resolvedStorageSource":{"bucket":"gcf-v2-sources-441077080510-us-central1","object":"webauthnApi/function-source.zip","generation":"1771107752914056"}},"dockerRegistry":"ARTIFACT_REGISTRY","serviceAccount":"projects/cheforumreal/serviceAccounts/441077080510-compute@developer.gserviceaccount.com","automaticUpdatePolicy":{}},"serviceConfig":{"service":"projects/cheforumreal/locations/us-central1/services/webauthnapi","timeoutSeconds":60,"environmentVariables":{"RESEND_API_KEY":"re_exGpji42_9u3cRDmHdBpx6o7SbErpCexH","SIGNIN_ALERT_FROM":"Security security@chefuinc.com","FIREBASE_CONFIG":"{\"projectId\":\"cheforumreal\",\"storageBucket\":\"cheforumreal.appspot.com\",\"locationId\":\"us-central\"}","GCLOUD_PROJECT":"cheforumreal","EVENTARC_CLOUD_EVENT_SOURCE":"projects/cheforumreal/locations/us-central1/services/webauthnApi","FUNCTION_TARGET":"webauthnApi","LOG_EXECUTION_ID":"true"},"maxInstanceCount":10,"ingressSettings":"ALLOW_ALL","uri":"https://webauthnapi-unq7rywhyq-uc.a.run.app","serviceAccountEmail":"441077080510-compute@developer.gserviceaccount.com","availableMemory":"256Mi","allTrafficOnLatestRevision":true,"revision":"webauthnapi-00008-lug","maxInstanceRequestConcurrency":80,"availableCpu":"1"},"state":"ACTIVE","labels":{"deployment-tool":"cli-firebase","firebase-functions-hash":"63c9a49e4940d0a6400c181abb569557520835f7"},"environment":"GEN_2","url":"https://us-central1-cheforumreal.cloudfunctions.net/webauthnApi","satisfiesPzi":true},"stages":[{"name":"BUILD","message":"Build in progress","state":"IN_PROGRESS","resource":"projects/441077080510/locations/us-central1/builds/5d555097-a334-44b4-a586-e021285c3ead","resourceUri":"https://console.cloud.google.com/cloud-build/builds;region=us-central1/5d555097-a334-44b4-a586-e021285c3ead?project=441077080510"},{"name":"SERVICE","state":"NOT_STARTED"}],"operationType":"UPDATE_FUNCTION","buildName":"projects/441077080510/locations/us-central1/builds/5d555097-a334-44b4-a586-e021285c3ead"},"done":false}
[debug] [2026-02-15T18:19:40.469Z] [update-default-us-central1-webauthnApi] Retrying task index 0
[debug] [2026-02-15T18:19:40.469Z] Checked if tokens are valid: true, expires at: 1771182130769
[debug] [2026-02-15T18:19:40.469Z] Checked if tokens are valid: true, expires at: 1771182130769
[debug] [2026-02-15T18:19:40.469Z] >>> [apiv2][query] GET https://cloudfunctions.googleapis.com/v2/projects/cheforumreal/locations/us-central1/operations/operation-1771179527383-64ae0de902918-a0f8a99b-225060ef [none]
[debug] [2026-02-15T18:19:41.740Z] <<< [apiv2][status] GET https://cloudfunctions.googleapis.com/v2/projects/cheforumreal/locations/us-central1/operations/operation-1771179527383-64ae0de902918-a0f8a99b-225060ef 200
[debug] [2026-02-15T18:19:41.740Z] <<< [apiv2][body] GET https://cloudfunctions.googleapis.com/v2/projects/cheforumreal/locations/us-central1/operations/operation-1771179527383-64ae0de902918-a0f8a99b-225060ef {"name":"projects/cheforumreal/locations/us-central1/operations/operation-1771179527383-64ae0de902918-a0f8a99b-225060ef","metadata":{"@type":"type.googleapis.com/google.cloud.functions.v2.OperationMetadata","createTime":"2026-02-15T18:18:48.190378756Z","target":"projects/cheforumreal/locations/us-central1/functions/webauthnApi","verb":"update","cancelRequested":false,"apiVersion":"v2","requestResource":{"@type":"type.googleapis.com/google.cloud.functions.v2.Function","name":"projects/cheforumreal/locations/us-central1/functions/webauthnApi","buildConfig":{"runtime":"nodejs22","entryPoint":"webauthnApi","source":{"storageSource":{"bucket":"gcf-v2-sources-441077080510-us-central1","object":"webauthnApi/function-source.zip","generation":"1771179528139006"}},"environmentVariables":{"GOOGLE_NODE_RUN_SCRIPTS":""},"dockerRepository":"projects/cheforumreal/locations/us-central1/repositories/gcf-artifacts","sourceProvenance":{"resolvedStorageSource":{"bucket":"gcf-v2-sources-441077080510-us-central1","object":"webauthnApi/function-source.zip","generation":"1771107752914056"}},"dockerRegistry":"ARTIFACT_REGISTRY","serviceAccount":"projects/cheforumreal/serviceAccounts/441077080510-compute@developer.gserviceaccount.com","automaticUpdatePolicy":{}},"serviceConfig":{"service":"projects/cheforumreal/locations/us-central1/services/webauthnapi","timeoutSeconds":60,"environmentVariables":{"RESEND_API_KEY":"re_exGpji42_9u3cRDmHdBpx6o7SbErpCexH","SIGNIN_ALERT_FROM":"Security security@chefuinc.com","FIREBASE_CONFIG":"{\"projectId\":\"cheforumreal\",\"storageBucket\":\"cheforumreal.appspot.com\",\"locationId\":\"us-central\"}","GCLOUD_PROJECT":"cheforumreal","EVENTARC_CLOUD_EVENT_SOURCE":"projects/cheforumreal/locations/us-central1/services/webauthnApi","FUNCTION_TARGET":"webauthnApi","LOG_EXECUTION_ID":"true"},"maxInstanceCount":10,"ingressSettings":"ALLOW_ALL","uri":"https://webauthnapi-unq7rywhyq-uc.a.run.app","serviceAccountEmail":"441077080510-compute@developer.gserviceaccount.com","availableMemory":"256Mi","allTrafficOnLatestRevision":true,"revision":"webauthnapi-00008-lug","maxInstanceRequestConcurrency":80,"availableCpu":"1"},"state":"ACTIVE","labels":{"deployment-tool":"cli-firebase","firebase-functions-hash":"63c9a49e4940d0a6400c181abb569557520835f7"},"environment":"GEN_2","url":"https://us-central1-cheforumreal.cloudfunctions.net/webauthnApi","satisfiesPzi":true},"stages":[{"name":"BUILD","message":"Build in progress","state":"IN_PROGRESS","resource":"projects/441077080510/locations/us-central1/builds/5d555097-a334-44b4-a586-e021285c3ead","resourceUri":"https://console.cloud.google.com/cloud-build/builds;region=us-central1/5d555097-a334-44b4-a586-e021285c3ead?project=441077080510"},{"name":"SERVICE","state":"NOT_STARTED"}],"operationType":"UPDATE_FUNCTION","buildName":"projects/441077080510/locations/us-central1/builds/5d555097-a334-44b4-a586-e021285c3ead"},"done":false}
[debug] [2026-02-15T18:19:51.746Z] [update-default-us-central1-webauthnApi] Retrying task index 0
[debug] [2026-02-15T18:19:51.746Z] Checked if tokens are valid: true, expires at: 1771182130769
[debug] [2026-02-15T18:19:51.746Z] Checked if tokens are valid: true, expires at: 1771182130769
[debug] [2026-02-15T18:19:51.746Z] >>> [apiv2][query] GET https://cloudfunctions.googleapis.com/v2/projects/cheforumreal/locations/us-central1/operations/operation-1771179527383-64ae0de902918-a0f8a99b-225060ef [none]
[debug] [2026-02-15T18:19:52.986Z] <<< [apiv2][status] GET https://cloudfunctions.googleapis.com/v2/projects/cheforumreal/locations/us-central1/operations/operation-1771179527383-64ae0de902918-a0f8a99b-225060ef 200
[debug] [2026-02-15T18:19:52.986Z] <<< [apiv2][body] GET https://cloudfunctions.googleapis.com/v2/projects/cheforumreal/locations/us-central1/operations/operation-1771179527383-64ae0de902918-a0f8a99b-225060ef {"name":"projects/cheforumreal/locations/us-central1/operations/operation-1771179527383-64ae0de902918-a0f8a99b-225060ef","metadata":{"@type":"type.googleapis.com/google.cloud.functions.v2.OperationMetadata","createTime":"2026-02-15T18:18:48.190378756Z","endTime":"2026-02-15T18:19:42.327878898Z","target":"projects/cheforumreal/locations/us-central1/functions/webauthnApi","verb":"update","cancelRequested":false,"apiVersion":"v2","requestResource":{"@type":"type.googleapis.com/google.cloud.functions.v2.Function","name":"projects/cheforumreal/locations/us-central1/functions/webauthnApi","buildConfig":{"runtime":"nodejs22","entryPoint":"webauthnApi","source":{"storageSource":{"bucket":"gcf-v2-sources-441077080510-us-central1","object":"webauthnApi/function-source.zip","generation":"1771179528139006"}},"environmentVariables":{"GOOGLE_NODE_RUN_SCRIPTS":""},"dockerRepository":"projects/cheforumreal/locations/us-central1/repositories/gcf-artifacts","sourceProvenance":{"resolvedStorageSource":{"bucket":"gcf-v2-sources-441077080510-us-central1","object":"webauthnApi/function-source.zip","generation":"1771107752914056"}},"dockerRegistry":"ARTIFACT_REGISTRY","serviceAccount":"projects/cheforumreal/serviceAccounts/441077080510-compute@developer.gserviceaccount.com","automaticUpdatePolicy":{}},"serviceConfig":{"service":"projects/cheforumreal/locations/us-central1/services/webauthnapi","timeoutSeconds":60,"environmentVariables":{"RESEND_API_KEY":"re_exGpji42_9u3cRDmHdBpx6o7SbErpCexH","SIGNIN_ALERT_FROM":"Security security@chefuinc.com","FIREBASE_CONFIG":"{\"projectId\":\"cheforumreal\",\"storageBucket\":\"cheforumreal.appspot.com\",\"locationId\":\"us-central\"}","GCLOUD_PROJECT":"cheforumreal","EVENTARC_CLOUD_EVENT_SOURCE":"projects/cheforumreal/locations/us-central1/services/webauthnApi","FUNCTION_TARGET":"webauthnApi","LOG_EXECUTION_ID":"true"},"maxInstanceCount":10,"ingressSettings":"ALLOW_ALL","uri":"https://webauthnapi-unq7rywhyq-uc.a.run.app","serviceAccountEmail":"441077080510-compute@developer.gserviceaccount.com","availableMemory":"256Mi","allTrafficOnLatestRevision":true,"revision":"webauthnapi-00008-lug","maxInstanceRequestConcurrency":80,"availableCpu":"1"},"state":"ACTIVE","labels":{"deployment-tool":"cli-firebase","firebase-functions-hash":"63c9a49e4940d0a6400c181abb569557520835f7"},"environment":"GEN_2","url":"https://us-central1-cheforumreal.cloudfunctions.net/webauthnApi","satisfiesPzi":true},"stages":[{"name":"SERVICE","state":"NOT_STARTED"}],"operationType":"UPDATE_FUNCTION"},"done":true,"error":{"code":3,"message":"Build failed with status: FAILURE and message: This project is using bun but you have not included the Functions Framework in your dependencies. Please add it by running: 'bun add @google-cloud/functions-framework'.. For more details see the logs at https://console.cloud.google.com/cloud-build/builds;region=us-central1/5d555097-a334-44b4-a586-e021285c3ead?project=441077080510."}}
[debug] [2026-02-15T18:19:52.986Z] Got source token undefined for region us-central1
[error] Build failed with status: FAILURE and message: This project is using bun but you have not included the Functions Framework in your dependencies. Please add it by running: 'bun add @google-cloud/functions-framework'.. For more details see the logs at https://console.cloud.google.com/cloud-build/builds;region=us-central1/5d555097-a334-44b4-a586-e021285c3ead?project=441077080510.
[debug] [2026-02-15T18:19:52.992Z] Total Function Deployment time: 66102
[debug] [2026-02-15T18:19:52.992Z] 1 Functions Deployed
[debug] [2026-02-15T18:19:52.992Z] 1 Functions Errored
[debug] [2026-02-15T18:19:52.992Z] 0 Function Deployments Aborted
[debug] [2026-02-15T18:19:52.992Z] Average Function Deployment time: 66101
[info] 
[info] Functions deploy had errors with the following functions:
	webauthnApi(us-central1)
[debug] [2026-02-15T18:19:53.693Z] Not printing URL for HTTPS function. Typically this means it didn't match a filter or we failed deployment
[debug] [2026-02-15T18:19:53.694Z] Checked if tokens are valid: true, expires at: 1771182130769
[debug] [2026-02-15T18:19:53.694Z] Checked if tokens are valid: true, expires at: 1771182130769
[debug] [2026-02-15T18:19:53.694Z] >>> [apiv2][query] GET https://artifactregistry.googleapis.com/v1/projects/cheforumreal/locations/us-central1/repositories/gcf-artifacts [none]
[debug] [2026-02-15T18:19:55.319Z] <<< [apiv2][status] GET https://artifactregistry.googleapis.com/v1/projects/cheforumreal/locations/us-central1/repositories/gcf-artifacts 200
[debug] [2026-02-15T18:19:55.320Z] <<< [apiv2][body] GET https://artifactregistry.googleapis.com/v1/projects/cheforumreal/locations/us-central1/repositories/gcf-artifacts {"name":"projects/cheforumreal/locations/us-central1/repositories/gcf-artifacts","format":"DOCKER","description":"This repository is created and used by Cloud Functions for storing function docker images.","labels":{"goog-managed-by":"cloudfunctions"},"createTime":"2026-02-14T19:22:09.043638Z","updateTime":"2026-02-14T22:23:02.280753Z","mode":"STANDARD_REPOSITORY","cleanupPolicies":{"firebase-functions-cleanup":{"id":"firebase-functions-cleanup","action":"DELETE","condition":{"tagState":"ANY","olderThan":"259200s"}}},"sizeBytes":"170440457","vulnerabilityScanningConfig":{"lastEnableTime":"2026-02-14T19:21:57.222359498Z","enablementState":"SCANNING_DISABLED","enablementStateReason":"API containerscanning.googleapis.com is not enabled."},"satisfiesPzi":true,"registryUri":"us-central1-docker.pkg.dev/cheforumreal/gcf-artifacts"}
[debug] [2026-02-15T18:19:55.320Z] Functions deploy failed.
[debug] [2026-02-15T18:19:55.320Z] {
  "endpoint": {
    "id": "webauthnApi",
    "project": "cheforumreal",
    "region": "us-central1",
    "entryPoint": "webauthnApi",
    "platform": "gcfv2",
    "runtime": "nodejs22",
    "httpsTrigger": {},
    "labels": {
      "deployment-tool": "cli-firebase"
    },
    "serviceAccount": null,
    "ingressSettings": null,
    "availableMemoryMb": null,
    "timeoutSeconds": null,
    "maxInstances": 10,
    "minInstances": null,
    "concurrency": 80,
    "vpc": null,
    "environmentVariables": {
      "RESEND_API_KEY": "re_exGpji42_9u3cRDmHdBpx6o7SbErpCexH",
      "SIGNIN_ALERT_FROM": "Security security@chefuinc.com",
      "FIREBASE_CONFIG": "{\"projectId\":\"cheforumreal\",\"storageBucket\":\"cheforumreal.appspot.com\",\"locationId\":\"us-central\"}",
      "GCLOUD_PROJECT": "cheforumreal",
      "EVENTARC_CLOUD_EVENT_SOURCE": "projects/cheforumreal/locations/us-central1/services/webauthnApi"
    },
    "codebase": "default",
    "runServiceId": "webauthnapi",
    "cpu": 1,
    "securityLevel": "SECURE_ALWAYS",
    "targetedByOnly": false,
    "hash": "63c9a49e4940d0a6400c181abb569557520835f7"
  },
  "op": "update",
  "original": {
    "name": "FirebaseError",
    "children": [],
    "exit": 1,
    "message": "Build failed with status: FAILURE and message: This project is using bun but you have not included the Functions Framework in your dependencies. Please add it by running: 'bun add @google-cloud/functions-framework'.. For more details see the logs at https://console.cloud.google.com/cloud-build/builds;region=us-central1/5d555097-a334-44b4-a586-e021285c3ead?project=441077080510.",
    "original": {
      "code": 3,
      "message": "Build failed with status: FAILURE and message: This project is using bun but you have not included the Functions Framework in your dependencies. Please add it by running: 'bun add @google-cloud/functions-framework'.. For more details see the logs at https://console.cloud.google.com/cloud-build/builds;region=us-central1/5d555097-a334-44b4-a586-e021285c3ead?project=441077080510."
    },
    "status": 3,
    "code": 3
  }
}
[debug] [2026-02-15T18:19:55.506Z] Error: Failed to update function webauthnApi in region us-central1
    at C:\Users\Vunene Maluleke\.bun\install\global\node_modules\firebase-tools\lib\deploy\functions\release\fabricator.js:440:19
    at process.processTicksAndRejections (node:internal/process/task_queues:95:5)
    at async Fabricator.updateV2Function (C:\Users\Vunene Maluleke\.bun\install\global\node_modules\firebase-tools\lib\deploy\functions\release\fabricator.js:424:32)
    at async Fabricator.updateEndpoint (C:\Users\Vunene Maluleke\.bun\install\global\node_modules\firebase-tools\lib\deploy\functions\release\fabricator.js:160:13)
    at async handle (C:\Users\Vunene Maluleke\.bun\install\global\node_modules\firebase-tools\lib\deploy\functions\release\fabricator.js:91:17)
[error] 
[error] Error: There was an error deploying functions
